Archive member included to satisfy reference by file (symbol)

c:/progra~2/gnuarm~1/102021~1.10/bin/../lib/gcc/arm-none-eabi/10.3.1/thumb/v7e-m/nofp\libgcc.a(_aeabi_uldivmod.o)
                              CMakeFiles/1_1_LED.elf.dir/Drivers/STM32F4xx_HAL_Driver/Src/stm32f4xx_hal_rcc.c.obj (__aeabi_uldivmod)
c:/progra~2/gnuarm~1/102021~1.10/bin/../lib/gcc/arm-none-eabi/10.3.1/thumb/v7e-m/nofp\libgcc.a(_udivmoddi4.o)
                              c:/progra~2/gnuarm~1/102021~1.10/bin/../lib/gcc/arm-none-eabi/10.3.1/thumb/v7e-m/nofp\libgcc.a(_aeabi_uldivmod.o) (__udivmoddi4)
c:/progra~2/gnuarm~1/102021~1.10/bin/../lib/gcc/arm-none-eabi/10.3.1/thumb/v7e-m/nofp\libgcc.a(_dvmd_tls.o)
                              c:/progra~2/gnuarm~1/102021~1.10/bin/../lib/gcc/arm-none-eabi/10.3.1/thumb/v7e-m/nofp\libgcc.a(_aeabi_uldivmod.o) (__aeabi_ldiv0)
c:/progra~2/gnuarm~1/102021~1.10/bin/../lib/gcc/arm-none-eabi/10.3.1/../../../../arm-none-eabi/lib/thumb/v7e-m/nofp\libg.a(lib_a-errno.o)
                              CMakeFiles/1_1_LED.elf.dir/Core/Src/syscalls.c.obj (__errno)
c:/progra~2/gnuarm~1/102021~1.10/bin/../lib/gcc/arm-none-eabi/10.3.1/../../../../arm-none-eabi/lib/thumb/v7e-m/nofp\libg.a(lib_a-exit.o)
                              c:/progra~2/gnuarm~1/102021~1.10/bin/../lib/gcc/arm-none-eabi/10.3.1/../../../../arm-none-eabi/lib/thumb/v7e-m/nofp/crt0.o (exit)
c:/progra~2/gnuarm~1/102021~1.10/bin/../lib/gcc/arm-none-eabi/10.3.1/../../../../arm-none-eabi/lib/thumb/v7e-m/nofp\libg.a(lib_a-impure.o)
                              c:/progra~2/gnuarm~1/102021~1.10/bin/../lib/gcc/arm-none-eabi/10.3.1/../../../../arm-none-eabi/lib/thumb/v7e-m/nofp\libg.a(lib_a-exit.o) (_global_impure_ptr)
c:/progra~2/gnuarm~1/102021~1.10/bin/../lib/gcc/arm-none-eabi/10.3.1/../../../../arm-none-eabi/lib/thumb/v7e-m/nofp\libg.a(lib_a-init.o)
                              c:/progra~2/gnuarm~1/102021~1.10/bin/../lib/gcc/arm-none-eabi/10.3.1/../../../../arm-none-eabi/lib/thumb/v7e-m/nofp/crt0.o (__libc_init_array)
c:/progra~2/gnuarm~1/102021~1.10/bin/../lib/gcc/arm-none-eabi/10.3.1/../../../../arm-none-eabi/lib/thumb/v7e-m/nofp\libg.a(lib_a-memset.o)
                              c:/progra~2/gnuarm~1/102021~1.10/bin/../lib/gcc/arm-none-eabi/10.3.1/../../../../arm-none-eabi/lib/thumb/v7e-m/nofp/crt0.o (memset)
c:/progra~2/gnuarm~1/102021~1.10/bin/../lib/gcc/arm-none-eabi/10.3.1/../../../../arm-none-eabi/lib/thumb/v7e-m/nofp\libg.a(lib_a-__call_atexit.o)
                              c:/progra~2/gnuarm~1/102021~1.10/bin/../lib/gcc/arm-none-eabi/10.3.1/../../../../arm-none-eabi/lib/thumb/v7e-m/nofp\libg.a(lib_a-exit.o) (__call_exitprocs)
c:/progra~2/gnuarm~1/102021~1.10/bin/../lib/gcc/arm-none-eabi/10.3.1/../../../../arm-none-eabi/lib/thumb/v7e-m/nofp\libg.a(lib_a-atexit.o)
                              c:/progra~2/gnuarm~1/102021~1.10/bin/../lib/gcc/arm-none-eabi/10.3.1/../../../../arm-none-eabi/lib/thumb/v7e-m/nofp\libg.a(lib_a-__call_atexit.o) (atexit)
c:/progra~2/gnuarm~1/102021~1.10/bin/../lib/gcc/arm-none-eabi/10.3.1/../../../../arm-none-eabi/lib/thumb/v7e-m/nofp\libg.a(lib_a-fini.o)
                              c:/progra~2/gnuarm~1/102021~1.10/bin/../lib/gcc/arm-none-eabi/10.3.1/../../../../arm-none-eabi/lib/thumb/v7e-m/nofp\libg.a(lib_a-__call_atexit.o) (__libc_fini_array)
c:/progra~2/gnuarm~1/102021~1.10/bin/../lib/gcc/arm-none-eabi/10.3.1/../../../../arm-none-eabi/lib/thumb/v7e-m/nofp\libg.a(lib_a-lock.o)
                              c:/progra~2/gnuarm~1/102021~1.10/bin/../lib/gcc/arm-none-eabi/10.3.1/../../../../arm-none-eabi/lib/thumb/v7e-m/nofp\libg.a(lib_a-__call_atexit.o) (__retarget_lock_acquire_recursive)
c:/progra~2/gnuarm~1/102021~1.10/bin/../lib/gcc/arm-none-eabi/10.3.1/../../../../arm-none-eabi/lib/thumb/v7e-m/nofp\libg.a(lib_a-__atexit.o)
                              c:/progra~2/gnuarm~1/102021~1.10/bin/../lib/gcc/arm-none-eabi/10.3.1/../../../../arm-none-eabi/lib/thumb/v7e-m/nofp\libg.a(lib_a-atexit.o) (__register_exitproc)

Discarded input sections

 .text          0x00000000        0x0 c:/progra~2/gnuarm~1/102021~1.10/bin/../lib/gcc/arm-none-eabi/10.3.1/thumb/v7e-m/nofp/crti.o
 .data          0x00000000        0x0 c:/progra~2/gnuarm~1/102021~1.10/bin/../lib/gcc/arm-none-eabi/10.3.1/thumb/v7e-m/nofp/crti.o
 .bss           0x00000000        0x0 c:/progra~2/gnuarm~1/102021~1.10/bin/../lib/gcc/arm-none-eabi/10.3.1/thumb/v7e-m/nofp/crti.o
 .data          0x00000000        0x4 c:/progra~2/gnuarm~1/102021~1.10/bin/../lib/gcc/arm-none-eabi/10.3.1/thumb/v7e-m/nofp/crtbegin.o
 .rodata        0x00000000       0x24 c:/progra~2/gnuarm~1/102021~1.10/bin/../lib/gcc/arm-none-eabi/10.3.1/thumb/v7e-m/nofp/crtbegin.o
 .text          0x00000000       0x7c c:/progra~2/gnuarm~1/102021~1.10/bin/../lib/gcc/arm-none-eabi/10.3.1/../../../../arm-none-eabi/lib/thumb/v7e-m/nofp/crt0.o
 .data          0x00000000        0x0 c:/progra~2/gnuarm~1/102021~1.10/bin/../lib/gcc/arm-none-eabi/10.3.1/../../../../arm-none-eabi/lib/thumb/v7e-m/nofp/crt0.o
[...]
Memory Configuration

Name             Origin             Length             Attributes
CCMRAM           0x10000000         0x00010000         xrw
RAM              0x20000000         0x00020000         xrw
FLASH            0x08000000         0x00100000         xr
*default*        0x00000000         0xffffffff

Linker script and memory map

LOAD c:/progra~2/gnuarm~1/102021~1.10/bin/../lib/gcc/arm-none-eabi/10.3.1/thumb/v7e-m/nofp/crti.o
LOAD c:/progra~2/gnuarm~1/102021~1.10/bin/../lib/gcc/arm-none-eabi/10.3.1/thumb/v7e-m/nofp/crtbegin.o
LOAD c:/progra~2/gnuarm~1/102021~1.10/bin/../lib/gcc/arm-none-eabi/10.3.1/../../../../arm-none-eabi/lib/thumb/v7e-m/nofp/crt0.o
LOAD CMakeFiles/1_1_LED.elf.dir/Core/Src/gpio.c.obj
LOAD CMakeFiles/1_1_LED.elf.dir/Core/Src/main.c.obj
LOAD CMakeFiles/1_1_LED.elf.dir/Core/Src/stm32f4xx_hal_msp.c.obj
LOAD CMakeFiles/1_1_LED.elf.dir/Core/Src/stm32f4xx_it.c.obj
LOAD CMakeFiles/1_1_LED.elf.dir/Core/Src/syscalls.c.obj
LOAD CMakeFiles/1_1_LED.elf.dir/Core/Src/sysmem.c.obj
LOAD CMakeFiles/1_1_LED.elf.dir/Core/Src/system_stm32f4xx.c.obj
LOAD CMakeFiles/1_1_LED.elf.dir/Core/Startup/startup_stm32f407zgtx.s.obj
LOAD CMakeFiles/1_1_LED.elf.dir/Drivers/STM32F4xx_HAL_Driver/Src/stm32f4xx_hal.c.obj
LOAD CMakeFiles/1_1_LED.elf.dir/Drivers/STM32F4xx_HAL_Driver/Src/stm32f4xx_hal_cortex.c.obj
LOAD CMakeFiles/1_1_LED.elf.dir/Drivers/STM32F4xx_HAL_Driver/Src/stm32f4xx_hal_dma.c.obj
LOAD CMakeFiles/1_1_LED.elf.dir/Drivers/STM32F4xx_HAL_Driver/Src/stm32f4xx_hal_dma_ex.c.obj
LOAD CMakeFiles/1_1_LED.elf.dir/Drivers/STM32F4xx_HAL_Driver/Src/stm32f4xx_hal_exti.c.obj
LOAD CMakeFiles/1_1_LED.elf.dir/Drivers/STM32F4xx_HAL_Driver/Src/stm32f4xx_hal_flash.c.obj
LOAD CMakeFiles/1_1_LED.elf.dir/Drivers/STM32F4xx_HAL_Driver/Src/stm32f4xx_hal_flash_ex.c.obj
LOAD CMakeFiles/1_1_LED.elf.dir/Drivers/STM32F4xx_HAL_Driver/Src/stm32f4xx_hal_flash_ramfunc.c.obj
LOAD CMakeFiles/1_1_LED.elf.dir/Drivers/STM32F4xx_HAL_Driver/Src/stm32f4xx_hal_gpio.c.obj
LOAD CMakeFiles/1_1_LED.elf.dir/Drivers/STM32F4xx_HAL_Driver/Src/stm32f4xx_hal_pwr.c.obj
LOAD CMakeFiles/1_1_LED.elf.dir/Drivers/STM32F4xx_HAL_Driver/Src/stm32f4xx_hal_pwr_ex.c.obj
LOAD CMakeFiles/1_1_LED.elf.dir/Drivers/STM32F4xx_HAL_Driver/Src/stm32f4xx_hal_rcc.c.obj
LOAD CMakeFiles/1_1_LED.elf.dir/Drivers/STM32F4xx_HAL_Driver/Src/stm32f4xx_hal_rcc_ex.c.obj
LOAD CMakeFiles/1_1_LED.elf.dir/Drivers/STM32F4xx_HAL_Driver/Src/stm32f4xx_hal_tim.c.obj
LOAD CMakeFiles/1_1_LED.elf.dir/Drivers/STM32F4xx_HAL_Driver/Src/stm32f4xx_hal_tim_ex.c.obj
START GROUP
LOAD c:/progra~2/gnuarm~1/102021~1.10/bin/../lib/gcc/arm-none-eabi/10.3.1/thumb/v7e-m/nofp\libgcc.a
LOAD c:/progra~2/gnuarm~1/102021~1.10/bin/../lib/gcc/arm-none-eabi/10.3.1/../../../../arm-none-eabi/lib/thumb/v7e-m/nofp\libg.a
LOAD c:/progra~2/gnuarm~1/102021~1.10/bin/../lib/gcc/arm-none-eabi/10.3.1/../../../../arm-none-eabi/lib/thumb/v7e-m/nofp\libc.a
END GROUP
LOAD c:/progra~2/gnuarm~1/102021~1.10/bin/../lib/gcc/arm-none-eabi/10.3.1/thumb/v7e-m/nofp/crtend.o
LOAD c:/progra~2/gnuarm~1/102021~1.10/bin/../lib/gcc/arm-none-eabi/10.3.1/thumb/v7e-m/nofp/crtn.o
                0x20020000                _estack = (ORIGIN (RAM) + LENGTH (RAM))
                0x00000200                _Min_Heap_Size = 0x200
                0x00000400                _Min_Stack_Size = 0x400

.isr_vector     0x08000000      0x188
                0x08000000                . = ALIGN (0x4)
 *(.isr_vector)
 .isr_vector    0x08000000      0x188 CMakeFiles/1_1_LED.elf.dir/Core/Startup/startup_stm32f407zgtx.s.obj
                0x08000000                g_pfnVectors
                0x08000188                . = ALIGN (0x4)

.text           0x08000188     0x10f8
                0x08000188                . = ALIGN (0x4)
 *(.text)
 .text          0x08000188       0x40 c:/progra~2/gnuarm~1/102021~1.10/bin/../lib/gcc/arm-none-eabi/10.3.1/thumb/v7e-m/nofp/crtbegin.o
 .text          0x080001c8       0x30 c:/progra~2/gnuarm~1/102021~1.10/bin/../lib/gcc/arm-none-eabi/10.3.1/thumb/v7e-m/nofp\libgcc.a(_aeabi_uldivmod.o)
                0x080001c8                __aeabi_uldivmod
 .text          0x080001f8      0x2d0 c:/progra~2/gnuarm~1/102021~1.10/bin/../lib/gcc/arm-none-eabi/10.3.1/thumb/v7e-m/nofp\libgcc.a(_udivmoddi4.o)
                0x080001f8                __udivmoddi4
 .text          0x080004c8        0x4 c:/progra~2/gnuarm~1/102021~1.10/bin/../lib/gcc/arm-none-eabi/10.3.1/thumb/v7e-m/nofp\libgcc.a(_dvmd_tls.o)
                0x080004c8                __aeabi_idiv0
                0x080004c8                __aeabi_ldiv0
 *(.text*)
 .text.MX_GPIO_Init
                0x080004cc       0x80 CMakeFiles/1_1_LED.elf.dir/Core/Src/gpio.c.obj
                0x080004cc                MX_GPIO_Init
 .text.Error_Handler
                0x0800054c        0x4 CMakeFiles/1_1_LED.elf.dir/Core/Src/main.c.obj
                0x0800054c                Error_Handler
 .text.SystemClock_Config
                0x08000550       0xa8 CMakeFiles/1_1_LED.elf.dir/Core/Src/main.c.obj
                0x08000550                SystemClock_Config
 .text.main     0x080005f8       0x58 CMakeFiles/1_1_LED.elf.dir/Core/Src/main.c.obj
                0x080005f8                main
 .text.HAL_MspInit
                0x08000650       0x38 CMakeFiles/1_1_LED.elf.dir/Core/Src/stm32f4xx_hal_msp.c.obj
                0x08000650                HAL_MspInit
 .text.NMI_Handler
                0x08000688        0x2 CMakeFiles/1_1_LED.elf.dir/Core/Src/stm32f4xx_it.c.obj
                0x08000688                NMI_Handler
 .text.HardFault_Handler
                0x0800068a        0x2 CMakeFiles/1_1_LED.elf.dir/Core/Src/stm32f4xx_it.c.obj
                0x0800068a                HardFault_Handler
 .text.MemManage_Handler
                0x0800068c        0x2 CMakeFiles/1_1_LED.elf.dir/Core/Src/stm32f4xx_it.c.obj
                0x0800068c                MemManage_Handler
 .text.BusFault_Handler
                0x0800068e        0x2 CMakeFiles/1_1_LED.elf.dir/Core/Src/stm32f4xx_it.c.obj
                0x0800068e                BusFault_Handler
 .text.UsageFault_Handler
                0x08000690        0x2 CMakeFiles/1_1_LED.elf.dir/Core/Src/stm32f4xx_it.c.obj
                0x08000690                UsageFault_Handler
 .text.SVC_Handler
                0x08000692        0x2 CMakeFiles/1_1_LED.elf.dir/Core/Src/stm32f4xx_it.c.obj
                0x08000692                SVC_Handler
 .text.DebugMon_Handler
                0x08000694        0x2 CMakeFiles/1_1_LED.elf.dir/Core/Src/stm32f4xx_it.c.obj
                0x08000694                DebugMon_Handler
 .text.PendSV_Handler
                0x08000696        0x2 CMakeFiles/1_1_LED.elf.dir/Core/Src/stm32f4xx_it.c.obj
                0x08000696                PendSV_Handler
 .text.SysTick_Handler
                0x08000698        0x8 CMakeFiles/1_1_LED.elf.dir/Core/Src/stm32f4xx_it.c.obj
                0x08000698                SysTick_Handler
 .text.SystemInit
                0x080006a0        0x2 CMakeFiles/1_1_LED.elf.dir/Core/Src/system_stm32f4xx.c.obj
                0x080006a0                SystemInit
 *fill*         0x080006a2        0x2 
 .text.Reset_Handler
                0x080006a4       0x50 CMakeFiles/1_1_LED.elf.dir/Core/Startup/startup_stm32f407zgtx.s.obj
                0x080006a4                Reset_Handler
 .text.Default_Handler
                0x080006f4        0x2 CMakeFiles/1_1_LED.elf.dir/Core/Startup/startup_stm32f407zgtx.s.obj
                0x080006f4                RTC_Alarm_IRQHandler
                0x080006f4                HASH_RNG_IRQHandler
                0x080006f4                EXTI2_IRQHandler
                0x080006f4                TIM8_CC_IRQHandler
                0x080006f4                TIM1_CC_IRQHandler
                0x080006f4                DMA2_Stream5_IRQHandler
                0x080006f4                DMA1_Stream5_IRQHandler
                0x080006f4                PVD_IRQHandler
                0x080006f4                SDIO_IRQHandler
                0x080006f4                TAMP_STAMP_IRQHandler
                0x080006f4                CAN2_RX1_IRQHandler
                0x080006f4                EXTI3_IRQHandler
                0x080006f4                TIM8_TRG_COM_TIM14_IRQHandler
                0x080006f4                TIM1_UP_TIM10_IRQHandler
                0x080006f4                TIM8_UP_TIM13_IRQHandler
                0x080006f4                I2C3_ER_IRQHandler
                0x080006f4                EXTI0_IRQHandler
                0x080006f4                I2C2_EV_IRQHandler
                0x080006f4                DMA1_Stream2_IRQHandler
                0x080006f4                CAN1_RX0_IRQHandler
                0x080006f4                FPU_IRQHandler
                0x080006f4                OTG_HS_WKUP_IRQHandler
                0x080006f4                CAN2_SCE_IRQHandler
                0x080006f4                DMA2_Stream2_IRQHandler
                0x080006f4                SPI1_IRQHandler
                0x080006f4                TIM6_DAC_IRQHandler
                0x080006f4                TIM1_BRK_TIM9_IRQHandler
                0x080006f4                DCMI_IRQHandler
                0x080006f4                CAN2_RX0_IRQHandler
                0x080006f4                DMA2_Stream3_IRQHandler
                0x080006f4                USART6_IRQHandler
                0x080006f4                USART3_IRQHandler
                0x080006f4                CAN1_RX1_IRQHandler
                0x080006f4                UART5_IRQHandler
                0x080006f4                DMA2_Stream0_IRQHandler
                0x080006f4                TIM4_IRQHandler
                0x080006f4                I2C1_EV_IRQHandler
                0x080006f4                DMA1_Stream6_IRQHandler
                0x080006f4                DMA1_Stream1_IRQHandler
                0x080006f4                UART4_IRQHandler
                0x080006f4                TIM3_IRQHandler
                0x080006f4                RCC_IRQHandler
                0x080006f4                TIM8_BRK_TIM12_IRQHandler
                0x080006f4                Default_Handler
                0x080006f4                EXTI15_10_IRQHandler
                0x080006f4                ADC_IRQHandler
                0x080006f4                DMA1_Stream7_IRQHandler
                0x080006f4                TIM7_IRQHandler
                0x080006f4                CAN2_TX_IRQHandler
                0x080006f4                TIM5_IRQHandler
                0x080006f4                DMA2_Stream7_IRQHandler
                0x080006f4                I2C3_EV_IRQHandler
                0x080006f4                EXTI9_5_IRQHandler
                0x080006f4                RTC_WKUP_IRQHandler
                0x080006f4                ETH_WKUP_IRQHandler
                0x080006f4                SPI2_IRQHandler
                0x080006f4                OTG_HS_EP1_IN_IRQHandler
                0x080006f4                DMA1_Stream0_IRQHandler
                0x080006f4                CAN1_TX_IRQHandler
                0x080006f4                EXTI4_IRQHandler
                0x080006f4                FSMC_IRQHandler
                0x080006f4                ETH_IRQHandler
                0x080006f4                OTG_HS_EP1_OUT_IRQHandler
                0x080006f4                WWDG_IRQHandler
                0x080006f4                TIM2_IRQHandler
                0x080006f4                OTG_FS_WKUP_IRQHandler
                0x080006f4                TIM1_TRG_COM_TIM11_IRQHandler
                0x080006f4                OTG_HS_IRQHandler
                0x080006f4                EXTI1_IRQHandler
                0x080006f4                USART2_IRQHandler
                0x080006f4                I2C2_ER_IRQHandler
                0x080006f4                DMA2_Stream1_IRQHandler
                0x080006f4                CAN1_SCE_IRQHandler
                0x080006f4                FLASH_IRQHandler
                0x080006f4                DMA2_Stream4_IRQHandler
                0x080006f4                USART1_IRQHandler
                0x080006f4                OTG_FS_IRQHandler
                0x080006f4                SPI3_IRQHandler
                0x080006f4                DMA1_Stream4_IRQHandler
                0x080006f4                I2C1_ER_IRQHandler
                0x080006f4                DMA2_Stream6_IRQHandler
                0x080006f4                DMA1_Stream3_IRQHandler
 *fill*         0x080006f6        0x2 
 .text.HAL_InitTick
                0x080006f8       0x4c CMakeFiles/1_1_LED.elf.dir/Drivers/STM32F4xx_HAL_Driver/Src/stm32f4xx_hal.c.obj
                0x080006f8                HAL_InitTick
 .text.HAL_Init
                0x08000744       0x34 CMakeFiles/1_1_LED.elf.dir/Drivers/STM32F4xx_HAL_Driver/Src/stm32f4xx_hal.c.obj
                0x08000744                HAL_Init
 .text.HAL_IncTick
                0x08000778       0x18 CMakeFiles/1_1_LED.elf.dir/Drivers/STM32F4xx_HAL_Driver/Src/stm32f4xx_hal.c.obj
                0x08000778                HAL_IncTick
 .text.HAL_GetTick
                0x08000790        0xc CMakeFiles/1_1_LED.elf.dir/Drivers/STM32F4xx_HAL_Driver/Src/stm32f4xx_hal.c.obj
                0x08000790                HAL_GetTick
 .text.HAL_Delay
                0x0800079c       0x28 CMakeFiles/1_1_LED.elf.dir/Drivers/STM32F4xx_HAL_Driver/Src/stm32f4xx_hal.c.obj
                0x0800079c                HAL_Delay
 .text.HAL_NVIC_SetPriorityGrouping
                0x080007c4       0x24 CMakeFiles/1_1_LED.elf.dir/Drivers/STM32F4xx_HAL_Driver/Src/stm32f4xx_hal_cortex.c.obj
                0x080007c4                HAL_NVIC_SetPriorityGrouping
 .text.HAL_NVIC_SetPriority
                0x080007e8       0x70 CMakeFiles/1_1_LED.elf.dir/Drivers/STM32F4xx_HAL_Driver/Src/stm32f4xx_hal_cortex.c.obj
                0x080007e8                HAL_NVIC_SetPriority
 .text.HAL_SYSTICK_Config
                0x08000858       0x28 CMakeFiles/1_1_LED.elf.dir/Drivers/STM32F4xx_HAL_Driver/Src/stm32f4xx_hal_cortex.c.obj
                0x08000858                HAL_SYSTICK_Config
 .text.HAL_GPIO_Init
                0x08000880      0x1e4 CMakeFiles/1_1_LED.elf.dir/Drivers/STM32F4xx_HAL_Driver/Src/stm32f4xx_hal_gpio.c.obj
                0x08000880                HAL_GPIO_Init
 .text.HAL_GPIO_WritePin
                0x08000a64        0xc CMakeFiles/1_1_LED.elf.dir/Drivers/STM32F4xx_HAL_Driver/Src/stm32f4xx_hal_gpio.c.obj
                0x08000a64                HAL_GPIO_WritePin
 .text.HAL_RCC_OscConfig
                0x08000a70      0x3f8 CMakeFiles/1_1_LED.elf.dir/Drivers/STM32F4xx_HAL_Driver/Src/stm32f4xx_hal_rcc.c.obj
                0x08000a70                HAL_RCC_OscConfig
 .text.HAL_RCC_GetSysClockFreq
                0x08000e68       0xd4 CMakeFiles/1_1_LED.elf.dir/Drivers/STM32F4xx_HAL_Driver/Src/stm32f4xx_hal_rcc.c.obj
                0x08000e68                HAL_RCC_GetSysClockFreq
 .text.HAL_RCC_ClockConfig
                0x08000f3c      0x160 CMakeFiles/1_1_LED.elf.dir/Drivers/STM32F4xx_HAL_Driver/Src/stm32f4xx_hal_rcc.c.obj
                0x08000f3c                HAL_RCC_ClockConfig
 .text.__libc_init_array
                0x0800109c       0x48 c:/progra~2/gnuarm~1/102021~1.10/bin/../lib/gcc/arm-none-eabi/10.3.1/../../../../arm-none-eabi/lib/thumb/v7e-m/nofp\libg.a(lib_a-init.o)
                0x0800109c                __libc_init_array
 .text.memset   0x080010e4       0xa4 c:/progra~2/gnuarm~1/102021~1.10/bin/../lib/gcc/arm-none-eabi/10.3.1/../../../../arm-none-eabi/lib/thumb/v7e-m/nofp\libg.a(lib_a-memset.o)
                0x080010e4                memset
 .text.startup.register_fini
                0x08001188       0x14 c:/progra~2/gnuarm~1/102021~1.10/bin/../lib/gcc/arm-none-eabi/10.3.1/../../../../arm-none-eabi/lib/thumb/v7e-m/nofp\libg.a(lib_a-__call_atexit.o)
 .text.atexit   0x0800119c        0xc c:/progra~2/gnuarm~1/102021~1.10/bin/../lib/gcc/arm-none-eabi/10.3.1/../../../../arm-none-eabi/lib/thumb/v7e-m/nofp\libg.a(lib_a-atexit.o)
                0x0800119c                atexit
 .text.__libc_fini_array
                0x080011a8       0x2c c:/progra~2/gnuarm~1/102021~1.10/bin/../lib/gcc/arm-none-eabi/10.3.1/../../../../arm-none-eabi/lib/thumb/v7e-m/nofp\libg.a(lib_a-fini.o)
                0x080011a8                __libc_fini_array
 .text.__retarget_lock_acquire_recursive
                0x080011d4        0x4 c:/progra~2/gnuarm~1/102021~1.10/bin/../lib/gcc/arm-none-eabi/10.3.1/../../../../arm-none-eabi/lib/thumb/v7e-m/nofp\libg.a(lib_a-lock.o)
                0x080011d4                __retarget_lock_acquire_recursive
 .text.__retarget_lock_release_recursive
                0x080011d8        0x4 c:/progra~2/gnuarm~1/102021~1.10/bin/../lib/gcc/arm-none-eabi/10.3.1/../../../../arm-none-eabi/lib/thumb/v7e-m/nofp\libg.a(lib_a-lock.o)
                0x080011d8                __retarget_lock_release_recursive
 .text.__register_exitproc
                0x080011dc       0x8c c:/progra~2/gnuarm~1/102021~1.10/bin/../lib/gcc/arm-none-eabi/10.3.1/../../../../arm-none-eabi/lib/thumb/v7e-m/nofp\libg.a(lib_a-__atexit.o)
                0x080011dc                __register_exitproc
 *(.glue_7)
 .glue_7        0x08001268        0x0 linker stubs
 *(.glue_7t)
 .glue_7t       0x08001268        0x0 linker stubs
 *(.eh_frame)
 .eh_frame      0x08001268        0x0 c:/progra~2/gnuarm~1/102021~1.10/bin/../lib/gcc/arm-none-eabi/10.3.1/thumb/v7e-m/nofp/crtbegin.o
 *(.init)
 .init          0x08001268        0x4 c:/progra~2/gnuarm~1/102021~1.10/bin/../lib/gcc/arm-none-eabi/10.3.1/thumb/v7e-m/nofp/crti.o
                0x08001268                _init
 .init          0x0800126c        0x8 c:/progra~2/gnuarm~1/102021~1.10/bin/../lib/gcc/arm-none-eabi/10.3.1/thumb/v7e-m/nofp/crtn.o
 *(.fini)
 .fini          0x08001274        0x4 c:/progra~2/gnuarm~1/102021~1.10/bin/../lib/gcc/arm-none-eabi/10.3.1/thumb/v7e-m/nofp/crti.o
                0x08001274                _fini
 .fini          0x08001278        0x8 c:/progra~2/gnuarm~1/102021~1.10/bin/../lib/gcc/arm-none-eabi/10.3.1/thumb/v7e-m/nofp/crtn.o
                0x08001280                . = ALIGN (0x4)
                0x08001280                _etext = .

.vfp11_veneer   0x08001280        0x0
 .vfp11_veneer  0x08001280        0x0 linker stubs

.v4_bx          0x08001280        0x0
 .v4_bx         0x08001280        0x0 linker stubs

.iplt           0x08001280        0x0
 .iplt          0x08001280        0x0 c:/progra~2/gnuarm~1/102021~1.10/bin/../lib/gcc/arm-none-eabi/10.3.1/thumb/v7e-m/nofp/crtbegin.o

.rodata         0x08001280       0x14
                0x08001280                . = ALIGN (0x4)
 *(.rodata)
 *(.rodata*)
 .rodata.AHBPrescTable
                0x08001280       0x10 CMakeFiles/1_1_LED.elf.dir/Core/Src/system_stm32f4xx.c.obj
                0x08001280                AHBPrescTable
 .rodata._global_impure_ptr
                0x08001290        0x4 c:/progra~2/gnuarm~1/102021~1.10/bin/../lib/gcc/arm-none-eabi/10.3.1/../../../../arm-none-eabi/lib/thumb/v7e-m/nofp\libg.a(lib_a-impure.o)
                0x08001290                _global_impure_ptr
                0x08001294                . = ALIGN (0x4)

.ARM.extab      0x08001294        0x0
                0x08001294                . = ALIGN (0x4)
 *(.ARM.extab* .gnu.linkonce.armextab.*)
                0x08001294                . = ALIGN (0x4)

.ARM            0x08001294        0x8
                0x08001294                . = ALIGN (0x4)
                0x08001294                __exidx_start = .
 *(.ARM.exidx*)
 .ARM.exidx     0x08001294        0x8 c:/progra~2/gnuarm~1/102021~1.10/bin/../lib/gcc/arm-none-eabi/10.3.1/thumb/v7e-m/nofp\libgcc.a(_udivmoddi4.o)
                0x0800129c                __exidx_end = .
                0x0800129c                . = ALIGN (0x4)

.rel.dyn        0x0800129c        0x0
 .rel.iplt      0x0800129c        0x0 c:/progra~2/gnuarm~1/102021~1.10/bin/../lib/gcc/arm-none-eabi/10.3.1/thumb/v7e-m/nofp/crtbegin.o

.preinit_array  0x0800129c        0x0
                0x0800129c                . = ALIGN (0x4)
                0x0800129c                PROVIDE (__preinit_array_start = .)
 *(.preinit_array*)
                0x0800129c                PROVIDE (__preinit_array_end = .)
                0x0800129c                . = ALIGN (0x4)

.init_array     0x0800129c        0x8
                0x0800129c                . = ALIGN (0x4)
                0x0800129c                PROVIDE (__init_array_start = .)
 *(SORT_BY_NAME(.init_array.*))
 .init_array.00000
                0x0800129c        0x4 c:/progra~2/gnuarm~1/102021~1.10/bin/../lib/gcc/arm-none-eabi/10.3.1/../../../../arm-none-eabi/lib/thumb/v7e-m/nofp\libg.a(lib_a-__call_atexit.o)
 *(.init_array*)
 .init_array    0x080012a0        0x4 c:/progra~2/gnuarm~1/102021~1.10/bin/../lib/gcc/arm-none-eabi/10.3.1/thumb/v7e-m/nofp/crtbegin.o
                0x080012a4                PROVIDE (__init_array_end = .)
                0x080012a4                . = ALIGN (0x4)

.fini_array     0x080012a4        0x4
                0x080012a4                . = ALIGN (0x4)
                0x080012a4                PROVIDE (__fini_array_start = .)
 *(SORT_BY_NAME(.fini_array.*))
 *(.fini_array*)
 .fini_array    0x080012a4        0x4 c:/progra~2/gnuarm~1/102021~1.10/bin/../lib/gcc/arm-none-eabi/10.3.1/thumb/v7e-m/nofp/crtbegin.o
                0x080012a8                PROVIDE (__fini_array_end = .)
                0x080012a8                . = ALIGN (0x4)
                0x080012a8                _sidata = LOADADDR (.data)

.data           0x20000000      0x43c load address 0x080012a8
                0x20000000                . = ALIGN (0x4)
                0x20000000                _sdata = .
 *(.data)
 *(.data*)
 .data.SystemCoreClock
                0x20000000        0x4 CMakeFiles/1_1_LED.elf.dir/Core/Src/system_stm32f4xx.c.obj
                0x20000000                SystemCoreClock
 .data.uwTickFreq
                0x20000004        0x1 CMakeFiles/1_1_LED.elf.dir/Drivers/STM32F4xx_HAL_Driver/Src/stm32f4xx_hal.c.obj
                0x20000004                uwTickFreq
 *fill*         0x20000005        0x3 
 .data.uwTickPrio
                0x20000008        0x4 CMakeFiles/1_1_LED.elf.dir/Drivers/STM32F4xx_HAL_Driver/Src/stm32f4xx_hal.c.obj
                0x20000008                uwTickPrio
 *fill*         0x2000000c        0x4 
 .data.impure_data
                0x20000010      0x428 c:/progra~2/gnuarm~1/102021~1.10/bin/../lib/gcc/arm-none-eabi/10.3.1/../../../../arm-none-eabi/lib/thumb/v7e-m/nofp\libg.a(lib_a-impure.o)
 .data.__atexit_recursive_mutex
                0x20000438        0x4 c:/progra~2/gnuarm~1/102021~1.10/bin/../lib/gcc/arm-none-eabi/10.3.1/../../../../arm-none-eabi/lib/thumb/v7e-m/nofp\libg.a(lib_a-__call_atexit.o)
                0x20000438                __atexit_recursive_mutex
 *(.RamFunc)
 *(.RamFunc*)
                0x2000043c                . = ALIGN (0x4)
                0x2000043c                _edata = .
                0x080016e4                _siccmram = LOADADDR (.ccmram)

.igot.plt       0x2000043c        0x0 load address 0x080016e4
 .igot.plt      0x2000043c        0x0 c:/progra~2/gnuarm~1/102021~1.10/bin/../lib/gcc/arm-none-eabi/10.3.1/thumb/v7e-m/nofp/crtbegin.o

.ccmram         0x10000000        0x0 load address 0x080016e4
                0x10000000                . = ALIGN (0x4)
                0x10000000                _sccmram = .
 *(.ccmram)
 *(.ccmram*)
                0x10000000                . = ALIGN (0x4)
                0x10000000                _eccmram = .
                0x10000000                . = ALIGN (0x4)

.bss            0x2000043c       0x24
                0x2000043c                _sbss = .
                0x2000043c                __bss_start__ = _sbss
 *(.bss)
 .bss           0x2000043c       0x1c c:/progra~2/gnuarm~1/102021~1.10/bin/../lib/gcc/arm-none-eabi/10.3.1/thumb/v7e-m/nofp/crtbegin.o
 *(.bss*)
 .bss.uwTick    0x20000458        0x4 CMakeFiles/1_1_LED.elf.dir/Drivers/STM32F4xx_HAL_Driver/Src/stm32f4xx_hal.c.obj
                0x20000458                uwTick
 .bss.__lock___atexit_recursive_mutex
                0x2000045c        0x1 c:/progra~2/gnuarm~1/102021~1.10/bin/../lib/gcc/arm-none-eabi/10.3.1/../../../../arm-none-eabi/lib/thumb/v7e-m/nofp\libg.a(lib_a-lock.o)
                0x2000045c                __lock___atexit_recursive_mutex
 *(COMMON)
                0x20000460                . = ALIGN (0x4)
 *fill*         0x2000045d        0x3 
                0x20000460                _ebss = .
                0x20000460                __bss_end__ = _ebss

._user_heap_stack
                0x20000460      0x600
                0x20000460                . = ALIGN (0x8)
                [!provide]                PROVIDE (end = .)
                0x20000460                PROVIDE (_end = .)
                0x20000660                . = (. + _Min_Heap_Size)
 *fill*         0x20000460      0x200 
                0x20000a60                . = (. + _Min_Stack_Size)
 *fill*         0x20000660      0x400 
                0x20000a60                . = ALIGN (0x8)

/DISCARD/
 libc.a(*)
 libm.a(*)
 libgcc.a(*)

.ARM.attributes
                0x00000000       0x2a
 *(.ARM.attributes)
 .ARM.attributes
                0x00000000       0x1e c:/progra~2/gnuarm~1/102021~1.10/bin/../lib/gcc/arm-none-eabi/10.3.1/thumb/v7e-m/nofp/crti.o
 .ARM.attributes
                0x0000001e       0x2e c:/progra~2/gnuarm~1/102021~1.10/bin/../lib/gcc/arm-none-eabi/10.3.1/thumb/v7e-m/nofp/crtbegin.o
 .ARM.attributes
                0x0000004c       0x2e CMakeFiles/1_1_LED.elf.dir/Core/Src/gpio.c.obj
 .ARM.attributes
                0x0000007a       0x2e CMakeFiles/1_1_LED.elf.dir/Core/Src/main.c.obj
 .ARM.attributes
                0x000000a8       0x2e CMakeFiles/1_1_LED.elf.dir/Core/Src/stm32f4xx_hal_msp.c.obj
 .ARM.attributes
                0x000000d6       0x2e CMakeFiles/1_1_LED.elf.dir/Core/Src/stm32f4xx_it.c.obj
 .ARM.attributes
                0x00000104       0x2e CMakeFiles/1_1_LED.elf.dir/Core/Src/system_stm32f4xx.c.obj
 .ARM.attributes
                0x00000132       0x21 CMakeFiles/1_1_LED.elf.dir/Core/Startup/startup_stm32f407zgtx.s.obj
 .ARM.attributes
                0x00000153       0x2e CMakeFiles/1_1_LED.elf.dir/Drivers/STM32F4xx_HAL_Driver/Src/stm32f4xx_hal.c.obj
 .ARM.attributes
                0x00000181       0x2e CMakeFiles/1_1_LED.elf.dir/Drivers/STM32F4xx_HAL_Driver/Src/stm32f4xx_hal_cortex.c.obj
 .ARM.attributes
                0x000001af       0x2e CMakeFiles/1_1_LED.elf.dir/Drivers/STM32F4xx_HAL_Driver/Src/stm32f4xx_hal_gpio.c.obj
 .ARM.attributes
                0x000001dd       0x2e CMakeFiles/1_1_LED.elf.dir/Drivers/STM32F4xx_HAL_Driver/Src/stm32f4xx_hal_rcc.c.obj
 .ARM.attributes
                0x0000020b       0x1e c:/progra~2/gnuarm~1/102021~1.10/bin/../lib/gcc/arm-none-eabi/10.3.1/thumb/v7e-m/nofp\libgcc.a(_aeabi_uldivmod.o)
 .ARM.attributes
                0x00000229       0x2e c:/progra~2/gnuarm~1/102021~1.10/bin/../lib/gcc/arm-none-eabi/10.3.1/thumb/v7e-m/nofp\libgcc.a(_udivmoddi4.o)
 .ARM.attributes
                0x00000257       0x1e c:/progra~2/gnuarm~1/102021~1.10/bin/../lib/gcc/arm-none-eabi/10.3.1/thumb/v7e-m/nofp\libgcc.a(_dvmd_tls.o)
 .ARM.attributes
                0x00000275       0x2e c:/progra~2/gnuarm~1/102021~1.10/bin/../lib/gcc/arm-none-eabi/10.3.1/../../../../arm-none-eabi/lib/thumb/v7e-m/nofp\libg.a(lib_a-impure.o)
 .ARM.attributes
                0x000002a3       0x2e c:/progra~2/gnuarm~1/102021~1.10/bin/../lib/gcc/arm-none-eabi/10.3.1/../../../../arm-none-eabi/lib/thumb/v7e-m/nofp\libg.a(lib_a-init.o)
 .ARM.attributes
                0x000002d1       0x2e c:/progra~2/gnuarm~1/102021~1.10/bin/../lib/gcc/arm-none-eabi/10.3.1/../../../../arm-none-eabi/lib/thumb/v7e-m/nofp\libg.a(lib_a-memset.o)
 .ARM.attributes
                0x000002ff       0x2e c:/progra~2/gnuarm~1/102021~1.10/bin/../lib/gcc/arm-none-eabi/10.3.1/../../../../arm-none-eabi/lib/thumb/v7e-m/nofp\libg.a(lib_a-__call_atexit.o)
 .ARM.attributes
                0x0000032d       0x2e c:/progra~2/gnuarm~1/102021~1.10/bin/../lib/gcc/arm-none-eabi/10.3.1/../../../../arm-none-eabi/lib/thumb/v7e-m/nofp\libg.a(lib_a-atexit.o)
 .ARM.attributes
                0x0000035b       0x2e c:/progra~2/gnuarm~1/102021~1.10/bin/../lib/gcc/arm-none-eabi/10.3.1/../../../../arm-none-eabi/lib/thumb/v7e-m/nofp\libg.a(lib_a-fini.o)
 .ARM.attributes
                0x00000389       0x2e c:/progra~2/gnuarm~1/102021~1.10/bin/../lib/gcc/arm-none-eabi/10.3.1/../../../../arm-none-eabi/lib/thumb/v7e-m/nofp\libg.a(lib_a-lock.o)
 .ARM.attributes
                0x000003b7       0x2e c:/progra~2/gnuarm~1/102021~1.10/bin/../lib/gcc/arm-none-eabi/10.3.1/../../../../arm-none-eabi/lib/thumb/v7e-m/nofp\libg.a(lib_a-__atexit.o)
 .ARM.attributes
                0x000003e5       0x1e c:/progra~2/gnuarm~1/102021~1.10/bin/../lib/gcc/arm-none-eabi/10.3.1/thumb/v7e-m/nofp/crtn.o
OUTPUT(1_1_LED.elf elf32-littlearm)
LOAD linker stubs
LOAD c:/progra~2/gnuarm~1/102021~1.10/bin/../lib/gcc/arm-none-eabi/10.3.1/../../../../arm-none-eabi/lib/thumb/v7e-m/nofp\libc.a
LOAD c:/progra~2/gnuarm~1/102021~1.10/bin/../lib/gcc/arm-none-eabi/10.3.1/../../../../arm-none-eabi/lib/thumb/v7e-m/nofp\libm.a
LOAD c:/progra~2/gnuarm~1/102021~1.10/bin/../lib/gcc/arm-none-eabi/10.3.1/thumb/v7e-m/nofp\libgcc.a

.debug_info     0x00000000     0x4017
 .debug_info    0x00000000      0x45c CMakeFiles/1_1_LED.elf.dir/Core/Src/gpio.c.obj
 .debug_info    0x0000045c      0x70e CMakeFiles/1_1_LED.elf.dir/Core/Src/main.c.obj
 .debug_info    0x00000b6a      0x2a4 CMakeFiles/1_1_LED.elf.dir/Core/Src/stm32f4xx_hal_msp.c.obj
 .debug_info    0x00000e0e      0x12f CMakeFiles/1_1_LED.elf.dir/Core/Src/stm32f4xx_it.c.obj
 .debug_info    0x00000f3d      0x37d CMakeFiles/1_1_LED.elf.dir/Core/Src/system_stm32f4xx.c.obj
 .debug_info    0x000012ba       0x22 CMakeFiles/1_1_LED.elf.dir/Core/Startup/startup_stm32f407zgtx.s.obj
 .debug_info    0x000012dc      0x9f0 CMakeFiles/1_1_LED.elf.dir/Drivers/STM32F4xx_HAL_Driver/Src/stm32f4xx_hal.c.obj
 .debug_info    0x00001ccc     0x1098 CMakeFiles/1_1_LED.elf.dir/Drivers/STM32F4xx_HAL_Driver/Src/stm32f4xx_hal_cortex.c.obj
 .debug_info    0x00002d64      0x7b0 CMakeFiles/1_1_LED.elf.dir/Drivers/STM32F4xx_HAL_Driver/Src/stm32f4xx_hal_gpio.c.obj
 .debug_info    0x00003514      0xb03 CMakeFiles/1_1_LED.elf.dir/Drivers/STM32F4xx_HAL_Driver/Src/stm32f4xx_hal_rcc.c.obj

.debug_abbrev   0x00000000      0xf73
 .debug_abbrev  0x00000000      0x14e CMakeFiles/1_1_LED.elf.dir/Core/Src/gpio.c.obj
 .debug_abbrev  0x0000014e      0x1c2 CMakeFiles/1_1_LED.elf.dir/Core/Src/main.c.obj
 .debug_abbrev  0x00000310       0xd1 CMakeFiles/1_1_LED.elf.dir/Core/Src/stm32f4xx_hal_msp.c.obj
 .debug_abbrev  0x000003e1       0x7e CMakeFiles/1_1_LED.elf.dir/Core/Src/stm32f4xx_it.c.obj
 .debug_abbrev  0x0000045f      0x119 CMakeFiles/1_1_LED.elf.dir/Core/Src/system_stm32f4xx.c.obj
 .debug_abbrev  0x00000578       0x12 CMakeFiles/1_1_LED.elf.dir/Core/Startup/startup_stm32f407zgtx.s.obj
 .debug_abbrev  0x0000058a      0x206 CMakeFiles/1_1_LED.elf.dir/Drivers/STM32F4xx_HAL_Driver/Src/stm32f4xx_hal.c.obj
 .debug_abbrev  0x00000790      0x36a CMakeFiles/1_1_LED.elf.dir/Drivers/STM32F4xx_HAL_Driver/Src/stm32f4xx_hal_cortex.c.obj
 .debug_abbrev  0x00000afa      0x1ef CMakeFiles/1_1_LED.elf.dir/Drivers/STM32F4xx_HAL_Driver/Src/stm32f4xx_hal_gpio.c.obj
 .debug_abbrev  0x00000ce9      0x28a CMakeFiles/1_1_LED.elf.dir/Drivers/STM32F4xx_HAL_Driver/Src/stm32f4xx_hal_rcc.c.obj

.debug_aranges  0x00000000      0x398
 .debug_aranges
                0x00000000       0x20 CMakeFiles/1_1_LED.elf.dir/Core/Src/gpio.c.obj
 .debug_aranges
                0x00000020       0x30 CMakeFiles/1_1_LED.elf.dir/Core/Src/main.c.obj
 .debug_aranges
                0x00000050       0x20 CMakeFiles/1_1_LED.elf.dir/Core/Src/stm32f4xx_hal_msp.c.obj
 .debug_aranges
                0x00000070       0x60 CMakeFiles/1_1_LED.elf.dir/Core/Src/stm32f4xx_it.c.obj
 .debug_aranges
                0x000000d0       0x28 CMakeFiles/1_1_LED.elf.dir/Core/Src/system_stm32f4xx.c.obj
 .debug_aranges
                0x000000f8       0x28 CMakeFiles/1_1_LED.elf.dir/Core/Startup/startup_stm32f407zgtx.s.obj
 .debug_aranges
                0x00000120       0xf0 CMakeFiles/1_1_LED.elf.dir/Drivers/STM32F4xx_HAL_Driver/Src/stm32f4xx_hal.c.obj
 .debug_aranges
                0x00000210       0xa8 CMakeFiles/1_1_LED.elf.dir/Drivers/STM32F4xx_HAL_Driver/Src/stm32f4xx_hal_cortex.c.obj
 .debug_aranges
                0x000002b8       0x58 CMakeFiles/1_1_LED.elf.dir/Drivers/STM32F4xx_HAL_Driver/Src/stm32f4xx_hal_gpio.c.obj
 .debug_aranges
                0x00000310       0x88 CMakeFiles/1_1_LED.elf.dir/Drivers/STM32F4xx_HAL_Driver/Src/stm32f4xx_hal_rcc.c.obj

.debug_ranges   0x00000000      0x378
 .debug_ranges  0x00000000       0x10 CMakeFiles/1_1_LED.elf.dir/Core/Src/gpio.c.obj
 .debug_ranges  0x00000010       0x20 CMakeFiles/1_1_LED.elf.dir/Core/Src/main.c.obj
 .debug_ranges  0x00000030       0x10 CMakeFiles/1_1_LED.elf.dir/Core/Src/stm32f4xx_hal_msp.c.obj
 .debug_ranges  0x00000040       0x50 CMakeFiles/1_1_LED.elf.dir/Core/Src/stm32f4xx_it.c.obj
 .debug_ranges  0x00000090       0x18 CMakeFiles/1_1_LED.elf.dir/Core/Src/system_stm32f4xx.c.obj
 .debug_ranges  0x000000a8       0x20 CMakeFiles/1_1_LED.elf.dir/Core/Startup/startup_stm32f407zgtx.s.obj
 .debug_ranges  0x000000c8       0xe0 CMakeFiles/1_1_LED.elf.dir/Drivers/STM32F4xx_HAL_Driver/Src/stm32f4xx_hal.c.obj
 .debug_ranges  0x000001a8       0xf8 CMakeFiles/1_1_LED.elf.dir/Drivers/STM32F4xx_HAL_Driver/Src/stm32f4xx_hal_cortex.c.obj
 .debug_ranges  0x000002a0       0x48 CMakeFiles/1_1_LED.elf.dir/Drivers/STM32F4xx_HAL_Driver/Src/stm32f4xx_hal_gpio.c.obj
 .debug_ranges  0x000002e8       0x90 CMakeFiles/1_1_LED.elf.dir/Drivers/STM32F4xx_HAL_Driver/Src/stm32f4xx_hal_rcc.c.obj

.debug_line     0x00000000     0x2a75
 .debug_line    0x00000000      0x1d1 CMakeFiles/1_1_LED.elf.dir/Core/Src/gpio.c.obj
 .debug_line    0x000001d1      0x37b CMakeFiles/1_1_LED.elf.dir/Core/Src/main.c.obj
 .debug_line    0x0000054c      0x161 CMakeFiles/1_1_LED.elf.dir/Core/Src/stm32f4xx_hal_msp.c.obj
 .debug_line    0x000006ad      0x1a1 CMakeFiles/1_1_LED.elf.dir/Core/Src/stm32f4xx_it.c.obj
 .debug_line    0x0000084e      0x229 CMakeFiles/1_1_LED.elf.dir/Core/Src/system_stm32f4xx.c.obj
 .debug_line    0x00000a77       0x9a CMakeFiles/1_1_LED.elf.dir/Core/Startup/startup_stm32f407zgtx.s.obj
 .debug_line    0x00000b11      0x595 CMakeFiles/1_1_LED.elf.dir/Drivers/STM32F4xx_HAL_Driver/Src/stm32f4xx_hal.c.obj
 .debug_line    0x000010a6      0x7a8 CMakeFiles/1_1_LED.elf.dir/Drivers/STM32F4xx_HAL_Driver/Src/stm32f4xx_hal_cortex.c.obj
 .debug_line    0x0000184e      0x6fc CMakeFiles/1_1_LED.elf.dir/Drivers/STM32F4xx_HAL_Driver/Src/stm32f4xx_hal_gpio.c.obj
 .debug_line    0x00001f4a      0xb2b CMakeFiles/1_1_LED.elf.dir/Drivers/STM32F4xx_HAL_Driver/Src/stm32f4xx_hal_rcc.c.obj

.debug_str      0x00000000     0x1748
 .debug_str     0x00000000      0x332 CMakeFiles/1_1_LED.elf.dir/Core/Src/gpio.c.obj
                                0x382 (size before relaxing)
 .debug_str     0x00000332      0x1ed CMakeFiles/1_1_LED.elf.dir/Core/Src/main.c.obj
                                0x510 (size before relaxing)
 .debug_str     0x0000051f       0x3e CMakeFiles/1_1_LED.elf.dir/Core/Src/stm32f4xx_hal_msp.c.obj
                                0x2d1 (size before relaxing)
 .debug_str     0x0000055d       0xc9 CMakeFiles/1_1_LED.elf.dir/Core/Src/stm32f4xx_it.c.obj
                                0x245 (size before relaxing)
 .debug_str     0x00000626       0x99 CMakeFiles/1_1_LED.elf.dir/Core/Src/system_stm32f4xx.c.obj
                                0x337 (size before relaxing)
 .debug_str     0x000006bf       0x48 CMakeFiles/1_1_LED.elf.dir/Core/Startup/startup_stm32f407zgtx.s.obj
                                 0x6f (size before relaxing)
 .debug_str     0x00000707      0x86c CMakeFiles/1_1_LED.elf.dir/Drivers/STM32F4xx_HAL_Driver/Src/stm32f4xx_hal.c.obj
                                0xb70 (size before relaxing)
 .debug_str     0x00000f73      0x4d5 CMakeFiles/1_1_LED.elf.dir/Drivers/STM32F4xx_HAL_Driver/Src/stm32f4xx_hal_cortex.c.obj
                                0xc42 (size before relaxing)
 .debug_str     0x00001448      0x14a CMakeFiles/1_1_LED.elf.dir/Drivers/STM32F4xx_HAL_Driver/Src/stm32f4xx_hal_gpio.c.obj
                                0x4f6 (size before relaxing)
 .debug_str     0x00001592      0x1b6 CMakeFiles/1_1_LED.elf.dir/Drivers/STM32F4xx_HAL_Driver/Src/stm32f4xx_hal_rcc.c.obj
                                0x71c (size before relaxing)

.comment        0x00000000       0x49
 .comment       0x00000000       0x49 CMakeFiles/1_1_LED.elf.dir/Core/Src/gpio.c.obj
                                 0x4a (size before relaxing)
 .comment       0x00000049       0x4a CMakeFiles/1_1_LED.elf.dir/Core/Src/main.c.obj
 .comment       0x00000049       0x4a CMakeFiles/1_1_LED.elf.dir/Core/Src/stm32f4xx_hal_msp.c.obj
 .comment       0x00000049       0x4a CMakeFiles/1_1_LED.elf.dir/Core/Src/stm32f4xx_it.c.obj
 .comment       0x00000049       0x4a CMakeFiles/1_1_LED.elf.dir/Core/Src/system_stm32f4xx.c.obj
 .comment       0x00000049       0x4a CMakeFiles/1_1_LED.elf.dir/Drivers/STM32F4xx_HAL_Driver/Src/stm32f4xx_hal.c.obj
 .comment       0x00000049       0x4a CMakeFiles/1_1_LED.elf.dir/Drivers/STM32F4xx_HAL_Driver/Src/stm32f4xx_hal_cortex.c.obj
 .comment       0x00000049       0x4a CMakeFiles/1_1_LED.elf.dir/Drivers/STM32F4xx_HAL_Driver/Src/stm32f4xx_hal_gpio.c.obj
 .comment       0x00000049       0x4a CMakeFiles/1_1_LED.elf.dir/Drivers/STM32F4xx_HAL_Driver/Src/stm32f4xx_hal_rcc.c.obj

.debug_frame    0x00000000      0x94c
 .debug_frame   0x00000000       0x30 CMakeFiles/1_1_LED.elf.dir/Core/Src/gpio.c.obj
 .debug_frame   0x00000030       0x58 CMakeFiles/1_1_LED.elf.dir/Core/Src/main.c.obj
 .debug_frame   0x00000088       0x28 CMakeFiles/1_1_LED.elf.dir/Core/Src/stm32f4xx_hal_msp.c.obj
 .debug_frame   0x000000b0       0xa8 CMakeFiles/1_1_LED.elf.dir/Core/Src/stm32f4xx_it.c.obj
 .debug_frame   0x00000158       0x30 CMakeFiles/1_1_LED.elf.dir/Core/Src/system_stm32f4xx.c.obj
 .debug_frame   0x00000188      0x1ec CMakeFiles/1_1_LED.elf.dir/Drivers/STM32F4xx_HAL_Driver/Src/stm32f4xx_hal.c.obj
 .debug_frame   0x00000374      0x148 CMakeFiles/1_1_LED.elf.dir/Drivers/STM32F4xx_HAL_Driver/Src/stm32f4xx_hal_cortex.c.obj
 .debug_frame   0x000004bc       0xd8 CMakeFiles/1_1_LED.elf.dir/Drivers/STM32F4xx_HAL_Driver/Src/stm32f4xx_hal_gpio.c.obj
 .debug_frame   0x00000594      0x16c CMakeFiles/1_1_LED.elf.dir/Drivers/STM32F4xx_HAL_Driver/Src/stm32f4xx_hal_rcc.c.obj
 .debug_frame   0x00000700       0x2c c:/progra~2/gnuarm~1/102021~1.10/bin/../lib/gcc/arm-none-eabi/10.3.1/thumb/v7e-m/nofp\libgcc.a(_aeabi_uldivmod.o)
 .debug_frame   0x0000072c       0x34 c:/progra~2/gnuarm~1/102021~1.10/bin/../lib/gcc/arm-none-eabi/10.3.1/thumb/v7e-m/nofp\libgcc.a(_udivmoddi4.o)
 .debug_frame   0x00000760       0x2c c:/progra~2/gnuarm~1/102021~1.10/bin/../lib/gcc/arm-none-eabi/10.3.1/../../../../arm-none-eabi/lib/thumb/v7e-m/nofp\libg.a(lib_a-init.o)
 .debug_frame   0x0000078c       0x2c c:/progra~2/gnuarm~1/102021~1.10/bin/../lib/gcc/arm-none-eabi/10.3.1/../../../../arm-none-eabi/lib/thumb/v7e-m/nofp\libg.a(lib_a-memset.o)
 .debug_frame   0x000007b8       0x5c c:/progra~2/gnuarm~1/102021~1.10/bin/../lib/gcc/arm-none-eabi/10.3.1/../../../../arm-none-eabi/lib/thumb/v7e-m/nofp\libg.a(lib_a-__call_atexit.o)
 .debug_frame   0x00000814       0x20 c:/progra~2/gnuarm~1/102021~1.10/bin/../lib/gcc/arm-none-eabi/10.3.1/../../../../arm-none-eabi/lib/thumb/v7e-m/nofp\libg.a(lib_a-atexit.o)
 .debug_frame   0x00000834       0x34 c:/progra~2/gnuarm~1/102021~1.10/bin/../lib/gcc/arm-none-eabi/10.3.1/../../../../arm-none-eabi/lib/thumb/v7e-m/nofp\libg.a(lib_a-fini.o)
 .debug_frame   0x00000868       0xb0 c:/progra~2/gnuarm~1/102021~1.10/bin/../lib/gcc/arm-none-eabi/10.3.1/../../../../arm-none-eabi/lib/thumb/v7e-m/nofp\libg.a(lib_a-lock.o)
 .debug_frame   0x00000918       0x34 c:/progra~2/gnuarm~1/102021~1.10/bin/../lib/gcc/arm-none-eabi/10.3.1/../../../../arm-none-eabi/lib/thumb/v7e-m/nofp\libg.a(lib_a-__atexit.o)

.debug_loc      0x00000000     0x1489
 .debug_loc     0x00000000      0x158 CMakeFiles/1_1_LED.elf.dir/Core/Src/system_stm32f4xx.c.obj
 .debug_loc     0x00000158      0x141 CMakeFiles/1_1_LED.elf.dir/Drivers/STM32F4xx_HAL_Driver/Src/stm32f4xx_hal.c.obj
 .debug_loc     0x00000299      0x744 CMakeFiles/1_1_LED.elf.dir/Drivers/STM32F4xx_HAL_Driver/Src/stm32f4xx_hal_cortex.c.obj
 .debug_loc     0x000009dd      0x520 CMakeFiles/1_1_LED.elf.dir/Drivers/STM32F4xx_HAL_Driver/Src/stm32f4xx_hal_gpio.c.obj
 .debug_loc     0x00000efd      0x58c CMakeFiles/1_1_LED.elf.dir/Drivers/STM32F4xx_HAL_Driver/Src/stm32f4xx_hal_rcc.c.obj
